com\hotel\appHotel\model\HistorialVetos.class
com\hotel\appHotel\service\VentasServiceImpl.class
com\hotel\appHotel\model\HabitacionesTipos.class
com\hotel\appHotel\controller\A_HabitacionesController.class
com\hotel\appHotel\service\VentasClientesHabitacionServiceImpl.class
com\hotel\appHotel\controller\A_HabitacionesTiposController.class
com\hotel\appHotel\model\HabitacionesCaracteristicas.class
com\hotel\appHotel\model\Habitaciones.class
com\hotel\appHotel\controller\IndexController.class
com\hotel\appHotel\controller\HabitacionesController.class
com\hotel\appHotel\service\HabitacionesContenidoService.class
com\hotel\appHotel\controller\VentasController.class
com\hotel\appHotel\repository\CredencialesRepository.class
com\hotel\appHotel\model\HabitacionesContenido.class
com\hotel\appHotel\service\HabitacionesEstadoService.class
com\hotel\appHotel\service\HabitacionesEstadoServiceImpl.class
com\hotel\appHotel\controller\A_HistorialVetosController.class
com\hotel\appHotel\service\UsuariosService.class
com\hotel\appHotel\service\PdfServiceClientes.class
com\hotel\appHotel\controller\A_VentasController.class
com\hotel\appHotel\service\HabitacionesCaracteristicasService.class
com\hotel\appHotel\repository\HistorialVetosRepository.class
com\hotel\appHotel\repository\UsuariosRepository.class
com\hotel\appHotel\service\UsuariosServiceImpl.class
com\hotel\appHotel\AppHotelApplication.class
com\hotel\appHotel\service\VentasService.class
com\hotel\appHotel\controller\A_HabitacionesCaracteristicasController.class
com\hotel\appHotel\config\CorsConfig$1.class
com\hotel\appHotel\repository\VentasRepository.class
com\hotel\appHotel\service\HabitacionesService.class
com\hotel\appHotel\controller\UsuariosController.class
com\hotel\appHotel\controller\A_HabitacionesContenidoController.class
com\hotel\appHotel\repository\HabitacionesContenidoRepository.class
com\hotel\appHotel\service\HabitacionesTiposService.class
com\hotel\appHotel\controller\IndexController$1.class
com\hotel\appHotel\service\RolesServiceImpl.class
com\hotel\appHotel\controller\IndexController$2.class
com\hotel\appHotel\repository\HabitacionesRepository.class
com\hotel\appHotel\model\VentasClientesHabitacion.class
com\hotel\appHotel\service\CredencialesService.class
com\hotel\appHotel\model\Roles.class
com\hotel\appHotel\controller\A_CredencialesController.class
com\hotel\appHotel\repository\HabitacionesEstadoRepository.class
com\hotel\appHotel\controller\A_HabitacionesEstadoController.class
com\hotel\appHotel\controller\GlobalController.class
com\hotel\appHotel\service\CredencialesServiceImpl.class
com\hotel\appHotel\service\PdfServiceHabitaciones.class
com\hotel\appHotel\repository\RolesRepository.class
com\hotel\appHotel\service\PdfServiceHistorialVetos.class
com\hotel\appHotel\model\HabitacionesEstado.class
com\hotel\appHotel\controller\A_UsuariosController.class
com\hotel\appHotel\controller\A_RolesController.class
com\hotel\appHotel\controller\A_VentasClientesHabitacionController.class
com\hotel\appHotel\service\RolesService.class
com\hotel\appHotel\service\HabitacionesServiceImpl.class
com\hotel\appHotel\model\Usuarios.class
com\hotel\appHotel\repository\HabitacionesTiposRepository.class
com\hotel\appHotel\controller\AdminController.class
com\hotel\appHotel\model\Ventas.class
com\hotel\appHotel\repository\VentasClientesHabitacionRepository.class
com\hotel\appHotel\service\HabitacionesCaracteristicasServiceImpl.class
com\hotel\appHotel\service\HistorialVetosServiceImpl.class
com\hotel\appHotel\controller\HistorialVetosController.class
com\hotel\appHotel\service\HistorialVetosService.class
com\hotel\appHotel\service\HabitacionesContenidoServiceImpl.class
com\hotel\appHotel\service\BackupService.class
com\hotel\appHotel\service\VentasClientesHabitacionService.class
com\hotel\appHotel\config\DatabaseSize.class
com\hotel\appHotel\model\Credenciales.class
com\hotel\appHotel\repository\HabitacionesCaracteristicasRepository.class
com\hotel\appHotel\model\ClienteDTO.class
com\hotel\appHotel\service\PdfServiceVentas.class
com\hotel\appHotel\service\HabitacionesTiposServiceImpl.class
com\hotel\appHotel\config\CorsConfig.class
com\hotel\appHotel\controller\DniController.class
