C:\Users\ADMIN\Documents\AplicacionHotel\appHotel\appHotel\src\main\java\com\hotel\appHotel\AppHotelApplication.java
C:\Users\ADMIN\Documents\AplicacionHotel\appHotel\appHotel\src\main\java\com\hotel\appHotel\config\CorsConfig.java
C:\Users\ADMIN\Documents\AplicacionHotel\appHotel\appHotel\src\main\java\com\hotel\appHotel\config\DatabaseSize.java
C:\Users\ADMIN\Documents\AplicacionHotel\appHotel\appHotel\src\main\java\com\hotel\appHotel\controller\A_CredencialesController.java
C:\Users\ADMIN\Documents\AplicacionHotel\appHotel\appHotel\src\main\java\com\hotel\appHotel\controller\A_HabitacionesCaracteristicasController.java
C:\Users\ADMIN\Documents\AplicacionHotel\appHotel\appHotel\src\main\java\com\hotel\appHotel\controller\A_HabitacionesContenidoController.java
C:\Users\ADMIN\Documents\AplicacionHotel\appHotel\appHotel\src\main\java\com\hotel\appHotel\controller\A_HabitacionesController.java
C:\Users\ADMIN\Documents\AplicacionHotel\appHotel\appHotel\src\main\java\com\hotel\appHotel\controller\A_HabitacionesEstadoController.java
C:\Users\ADMIN\Documents\AplicacionHotel\appHotel\appHotel\src\main\java\com\hotel\appHotel\controller\A_HabitacionesTiposController.java
C:\Users\ADMIN\Documents\AplicacionHotel\appHotel\appHotel\src\main\java\com\hotel\appHotel\controller\A_HistorialVetosController.java
C:\Users\ADMIN\Documents\AplicacionHotel\appHotel\appHotel\src\main\java\com\hotel\appHotel\controller\A_RolesController.java
C:\Users\ADMIN\Documents\AplicacionHotel\appHotel\appHotel\src\main\java\com\hotel\appHotel\controller\A_UsuariosController.java
C:\Users\ADMIN\Documents\AplicacionHotel\appHotel\appHotel\src\main\java\com\hotel\appHotel\controller\A_VentasClientesHabitacionController.java
C:\Users\ADMIN\Documents\AplicacionHotel\appHotel\appHotel\src\main\java\com\hotel\appHotel\controller\A_VentasController.java
C:\Users\ADMIN\Documents\AplicacionHotel\appHotel\appHotel\src\main\java\com\hotel\appHotel\controller\AdminController.java
C:\Users\ADMIN\Documents\AplicacionHotel\appHotel\appHotel\src\main\java\com\hotel\appHotel\controller\DniController.java
C:\Users\ADMIN\Documents\AplicacionHotel\appHotel\appHotel\src\main\java\com\hotel\appHotel\controller\GlobalController.java
C:\Users\ADMIN\Documents\AplicacionHotel\appHotel\appHotel\src\main\java\com\hotel\appHotel\controller\HabitacionesController.java
C:\Users\ADMIN\Documents\AplicacionHotel\appHotel\appHotel\src\main\java\com\hotel\appHotel\controller\HistorialVetosController.java
C:\Users\ADMIN\Documents\AplicacionHotel\appHotel\appHotel\src\main\java\com\hotel\appHotel\controller\IndexController.java
C:\Users\ADMIN\Documents\AplicacionHotel\appHotel\appHotel\src\main\java\com\hotel\appHotel\controller\UsuariosController.java
C:\Users\ADMIN\Documents\AplicacionHotel\appHotel\appHotel\src\main\java\com\hotel\appHotel\controller\VentasController.java
C:\Users\ADMIN\Documents\AplicacionHotel\appHotel\appHotel\src\main\java\com\hotel\appHotel\model\ClienteDTO.java
C:\Users\ADMIN\Documents\AplicacionHotel\appHotel\appHotel\src\main\java\com\hotel\appHotel\model\Credenciales.java
C:\Users\ADMIN\Documents\AplicacionHotel\appHotel\appHotel\src\main\java\com\hotel\appHotel\model\Habitaciones.java
C:\Users\ADMIN\Documents\AplicacionHotel\appHotel\appHotel\src\main\java\com\hotel\appHotel\model\HabitacionesCaracteristicas.java
C:\Users\ADMIN\Documents\AplicacionHotel\appHotel\appHotel\src\main\java\com\hotel\appHotel\model\HabitacionesContenido.java
C:\Users\ADMIN\Documents\AplicacionHotel\appHotel\appHotel\src\main\java\com\hotel\appHotel\model\HabitacionesEstado.java
C:\Users\ADMIN\Documents\AplicacionHotel\appHotel\appHotel\src\main\java\com\hotel\appHotel\model\HabitacionesTipos.java
C:\Users\ADMIN\Documents\AplicacionHotel\appHotel\appHotel\src\main\java\com\hotel\appHotel\model\HistorialVetos.java
C:\Users\ADMIN\Documents\AplicacionHotel\appHotel\appHotel\src\main\java\com\hotel\appHotel\model\Roles.java
C:\Users\ADMIN\Documents\AplicacionHotel\appHotel\appHotel\src\main\java\com\hotel\appHotel\model\Usuarios.java
C:\Users\ADMIN\Documents\AplicacionHotel\appHotel\appHotel\src\main\java\com\hotel\appHotel\model\Ventas.java
C:\Users\ADMIN\Documents\AplicacionHotel\appHotel\appHotel\src\main\java\com\hotel\appHotel\model\VentasClientesHabitacion.java
C:\Users\ADMIN\Documents\AplicacionHotel\appHotel\appHotel\src\main\java\com\hotel\appHotel\repository\CredencialesRepository.java
C:\Users\ADMIN\Documents\AplicacionHotel\appHotel\appHotel\src\main\java\com\hotel\appHotel\repository\HabitacionesCaracteristicasRepository.java
C:\Users\ADMIN\Documents\AplicacionHotel\appHotel\appHotel\src\main\java\com\hotel\appHotel\repository\HabitacionesContenidoRepository.java
C:\Users\ADMIN\Documents\AplicacionHotel\appHotel\appHotel\src\main\java\com\hotel\appHotel\repository\HabitacionesEstadoRepository.java
C:\Users\ADMIN\Documents\AplicacionHotel\appHotel\appHotel\src\main\java\com\hotel\appHotel\repository\HabitacionesRepository.java
C:\Users\ADMIN\Documents\AplicacionHotel\appHotel\appHotel\src\main\java\com\hotel\appHotel\repository\HabitacionesTiposRepository.java
C:\Users\ADMIN\Documents\AplicacionHotel\appHotel\appHotel\src\main\java\com\hotel\appHotel\repository\HistorialVetosRepository.java
C:\Users\ADMIN\Documents\AplicacionHotel\appHotel\appHotel\src\main\java\com\hotel\appHotel\repository\RolesRepository.java
C:\Users\ADMIN\Documents\AplicacionHotel\appHotel\appHotel\src\main\java\com\hotel\appHotel\repository\UsuariosRepository.java
C:\Users\ADMIN\Documents\AplicacionHotel\appHotel\appHotel\src\main\java\com\hotel\appHotel\repository\VentasClientesHabitacionRepository.java
C:\Users\ADMIN\Documents\AplicacionHotel\appHotel\appHotel\src\main\java\com\hotel\appHotel\repository\VentasRepository.java
C:\Users\ADMIN\Documents\AplicacionHotel\appHotel\appHotel\src\main\java\com\hotel\appHotel\service\BackupService.java
C:\Users\ADMIN\Documents\AplicacionHotel\appHotel\appHotel\src\main\java\com\hotel\appHotel\service\CredencialesService.java
C:\Users\ADMIN\Documents\AplicacionHotel\appHotel\appHotel\src\main\java\com\hotel\appHotel\service\CredencialesServiceImpl.java
C:\Users\ADMIN\Documents\AplicacionHotel\appHotel\appHotel\src\main\java\com\hotel\appHotel\service\HabitacionesCaracteristicasService.java
C:\Users\ADMIN\Documents\AplicacionHotel\appHotel\appHotel\src\main\java\com\hotel\appHotel\service\HabitacionesCaracteristicasServiceImpl.java
C:\Users\ADMIN\Documents\AplicacionHotel\appHotel\appHotel\src\main\java\com\hotel\appHotel\service\HabitacionesContenidoService.java
C:\Users\ADMIN\Documents\AplicacionHotel\appHotel\appHotel\src\main\java\com\hotel\appHotel\service\HabitacionesContenidoServiceImpl.java
C:\Users\ADMIN\Documents\AplicacionHotel\appHotel\appHotel\src\main\java\com\hotel\appHotel\service\HabitacionesEstadoService.java
C:\Users\ADMIN\Documents\AplicacionHotel\appHotel\appHotel\src\main\java\com\hotel\appHotel\service\HabitacionesEstadoServiceImpl.java
C:\Users\ADMIN\Documents\AplicacionHotel\appHotel\appHotel\src\main\java\com\hotel\appHotel\service\HabitacionesService.java
C:\Users\ADMIN\Documents\AplicacionHotel\appHotel\appHotel\src\main\java\com\hotel\appHotel\service\HabitacionesServiceImpl.java
C:\Users\ADMIN\Documents\AplicacionHotel\appHotel\appHotel\src\main\java\com\hotel\appHotel\service\HabitacionesTiposService.java
C:\Users\ADMIN\Documents\AplicacionHotel\appHotel\appHotel\src\main\java\com\hotel\appHotel\service\HabitacionesTiposServiceImpl.java
C:\Users\ADMIN\Documents\AplicacionHotel\appHotel\appHotel\src\main\java\com\hotel\appHotel\service\HistorialVetosService.java
C:\Users\ADMIN\Documents\AplicacionHotel\appHotel\appHotel\src\main\java\com\hotel\appHotel\service\HistorialVetosServiceImpl.java
C:\Users\ADMIN\Documents\AplicacionHotel\appHotel\appHotel\src\main\java\com\hotel\appHotel\service\PdfServiceClientes.java
C:\Users\ADMIN\Documents\AplicacionHotel\appHotel\appHotel\src\main\java\com\hotel\appHotel\service\PdfServiceHabitaciones.java
C:\Users\ADMIN\Documents\AplicacionHotel\appHotel\appHotel\src\main\java\com\hotel\appHotel\service\PdfServiceHistorialVetos.java
C:\Users\ADMIN\Documents\AplicacionHotel\appHotel\appHotel\src\main\java\com\hotel\appHotel\service\PdfServiceVentas.java
C:\Users\ADMIN\Documents\AplicacionHotel\appHotel\appHotel\src\main\java\com\hotel\appHotel\service\RolesService.java
C:\Users\ADMIN\Documents\AplicacionHotel\appHotel\appHotel\src\main\java\com\hotel\appHotel\service\RolesServiceImpl.java
C:\Users\ADMIN\Documents\AplicacionHotel\appHotel\appHotel\src\main\java\com\hotel\appHotel\service\UsuariosService.java
C:\Users\ADMIN\Documents\AplicacionHotel\appHotel\appHotel\src\main\java\com\hotel\appHotel\service\UsuariosServiceImpl.java
C:\Users\ADMIN\Documents\AplicacionHotel\appHotel\appHotel\src\main\java\com\hotel\appHotel\service\VentasClientesHabitacionService.java
C:\Users\ADMIN\Documents\AplicacionHotel\appHotel\appHotel\src\main\java\com\hotel\appHotel\service\VentasClientesHabitacionServiceImpl.java
C:\Users\ADMIN\Documents\AplicacionHotel\appHotel\appHotel\src\main\java\com\hotel\appHotel\service\VentasService.java
C:\Users\ADMIN\Documents\AplicacionHotel\appHotel\appHotel\src\main\java\com\hotel\appHotel\service\VentasServiceImpl.java
